🚀 Starting browser test...
🌍 Navigating to website...
📝 Console: Failed to load resource: the server responded with a status of 404 ()
📝 Console: Failed to load resource: the server responded with a status of 404 ()
📋 Scrolling to form...
✍️ Filling form...
❌ Error: No element found for selector: input[name="name"]
